// Jest Snapshot v1, https://goo.gl/fbAQLP

exports[`<Title /> should render properly 1`] = `
.c0 {
  text-align: center;
  font-size: 4rem;
  color: #0a30ad;
}

<h1
  class="c0"
>
  Sample Title
</h1>
`;
