// Jest Snapshot v1, https://goo.gl/fbAQLP

exports[`<Home /> should renders properly 1`] = `
<div
  className="layout"
>
  <p>
    test-file-stub
  </p>
</div>
`;
